<kmir>
  <k>
    srandInt ( 9 ) ~> #execTerminator ( terminator (... kind: terminatorKindCall (... func: operandConstant ( constOperand (... span: span ( 0 ) , userTy: noUserTypeAnnotationIndex , const: mirConst (... kind: constantKindZeroSized , ty: ty ( -2 ) , id: mirConstId ( 0 ) ) ) ) , args: operandCopy ( place (... local: local ( 1 ) , projection: .ProjectionElems ) )  operandCopy ( place (... local: local ( 2 ) , projection: .ProjectionElems ) )  operandCopy ( place (... local: local ( 3 ) , projection: .ProjectionElems ) )  .Operands , destination: place (... local: local ( 0 ) , projection: .ProjectionElems ) , target: noBasicBlockIdx , unwind: unwindActionContinue ) , span: span ( 0 ) ) ) ~> .K
  </k>
  <retVal>
    noReturn
  </retVal>
  <currentFunc>
    ty ( -1 )
  </currentFunc>
  <currentFrame>
    <currentBody>
      .List
    </currentBody>
    <caller>
      ty ( -1 )
    </caller>
    <dest>
      place (... local: local ( -1 ) , projection: .ProjectionElems )
    </dest>
    <target>
      noBasicBlockIdx
    </target>
    <unwind>
      unwindActionUnreachable
    </unwind>
    <locals>
      ListItem ( 0 )
      ListItem ( 1 )
      ListItem ( 2 )
      ListItem ( 3 )
      ListItem ( 4 )
    </locals>
  </currentFrame>
  <stack>
    .List
  </stack>
  <slotStore>
    0 |-> newLocal ( ty ( 0 ) , mutabilityNot )
    1 |-> typedValue ( Aggregate ( variantIdx ( 1 ) , ListItem ( Aggregate ( variantIdx ( 0 ) , ListItem ( Integer ( 486255726 , 32 , true ) )
    ListItem ( Integer ( -1000150020 , 32 , true ) ) ) ) ) , ty ( 68 ) , mutabilityNot )
    2 |-> typedValue ( Range ( ListItem ( Integer ( 95 , 8 , false ) )
    ListItem ( Integer ( 3 , 8 , false ) )
    ListItem ( Integer ( 173 , 8 , false ) )
    ListItem ( Integer ( 237 , 8 , false ) )
    ListItem ( Integer ( 41 , 8 , false ) )
    ListItem ( Integer ( 171 , 8 , false ) )
    ListItem ( Integer ( 20 , 8 , false ) )
    ListItem ( Integer ( 194 , 8 , false ) ) ) , ty ( 25 ) , mutabilityNot )
    3 |-> typedValue ( Reference ( slotPlace ( 4 , .ProjectionElems ) , mutabilityNot , metadata ( dynamicSize ( 10 ) , 0 , dynamicSize ( 10 ) ) ) , ty ( 32 ) , mutabilityNot )
    4 |-> typedValue ( Range ( ListItem ( Integer ( 966648405 , 32 , true ) )
    ListItem ( Integer ( -1472498778 , 32 , true ) )
    ListItem ( Integer ( -1125229012 , 32 , true ) )
    ListItem ( Integer ( -1670967639 , 32 , true ) )
    ListItem ( Integer ( 388387290 , 32 , true ) )
    ListItem ( Integer ( -896883309 , 32 , true ) )
    ListItem ( Integer ( 748337932 , 32 , true ) )
    ListItem ( Integer ( -1246012399 , 32 , true ) )
    ListItem ( Integer ( -939805772 , 32 , true ) )
    ListItem ( Integer ( 1329338341 , 32 , true ) ) ) , ty ( 26 ) , mutabilityNot )
  </slotStore>
  <nextSlot>
    5
  </nextSlot>
</kmir>