
┌─ 1 (root, init)
│   #execTerminator ( terminator ( ... kind: terminatorKindCall ( ... func: operandC
│   span: 0
│
│  (56 steps)
├─ 3
│   #applyBinOp ( binOpAddUnchecked , Integer ( ARG_UINT1:Int , 128 , false ) , Inte
│   span: 332
┃
┃ (1 step)
┣━━┓
┃  │
┃  ├─ 4
┃  │   Integer ( ARG_UINT1:Int +Int ARG_UINT2:Int &Int 34028236692093846346337460743176
┃  │   span: 332
┃  │
┃  │  (70 steps)
┃  ├─ 6 (terminal)
┃  │   #EndProgram ~> .K
┃  │
┃  ┊  constraint: true
┃  ┊  subst: ...
┃  └─ 2 (leaf, target, terminal)
┃      #EndProgram ~> .K
┃
┗━━┓
   │
   └─ 5 (leaf, terminal)
       thunk ( #applyBinOp ( binOpAddUnchecked , Integer ( ARG_UINT1:Int , 128 , false
       span: 332



