
┌─ 1 (root, init)
│   #execTerminator ( terminator ( ... kind: terminatorKindCall ( ... func: operandC
│   span: 0
│
│  (56 steps)
├─ 3
│   #applyBinOp ( binOpAddUnchecked , Integer ( ARG_INT1:Int , 16 , true ) , Integer
│   span: 115
┃
┃ (1 step)
┣━━┓
┃  │
┃  ├─ 4
┃  │   Integer ( truncate ( ARG_INT1:Int +Int ARG_INT2:Int , 16 , Signed ) , 16 , true
┃  │   span: 115
┃  │
┃  │  (70 steps)
┃  ├─ 6 (terminal)
┃  │   #EndProgram ~> .K
┃  │
┃  ┊  constraint: true
┃  ┊  subst: ...
┃  └─ 2 (leaf, target, terminal)
┃      #EndProgram ~> .K
┃
┗━━┓
   │
   └─ 5 (leaf, terminal)
       thunk ( #applyBinOp ( binOpAddUnchecked , Integer ( ARG_INT1:Int , 16 , true ) ,
       span: 115



