
┌─ 1 (root, init)
│   #execTerminator ( terminator ( ... kind: terminatorKindCall ( ... func: operandC
│   span: 0
│
│  (56 steps)
├─ 3
│   #applyBinOp ( binOpShlUnchecked , Integer ( ARG_UINT1:Int , 8 , false ) , Intege
│   span: 85
┃
┃ (1 step)
┣━━┓
┃  │
┃  ├─ 4
┃  │   Integer ( ARG_UINT1:Int <<Int ARG_UINT2:Int modInt 256 , 8 , false )
~> #freezer
┃  │   span: 85
┃  │
┃  │  (110 steps)
┃  ├─ 6 (terminal)
┃  │   #EndProgram ~> .K
┃  │
┃  ┊  constraint:
┃  ┊      ARG_UINT2:Int >=Int 0
┃  ┊  subst: ...
┃  └─ 2 (leaf, target, terminal)
┃      #EndProgram ~> .K
┃
┗━━┓
   │
   └─ 5 (leaf, terminal)
       thunk ( #applyBinOp ( binOpShlUnchecked , Integer ( ARG_UINT1:Int , 8 , false )
       span: 85



