
┌─ 1 (root, init)
│   #execTerminator ( terminator ( ... kind: terminatorKindCall ( ... func: operandC
│   span: 0
│
│  (50 steps)
├─ 3
│   #applyBinOp ( binOpSubUnchecked , Integer ( 0 , 16 , true ) , Integer ( ARG_INT1
│   span: 91
┃
┃ (1 step)
┣━━┓
┃  │
┃  ├─ 4
┃  │   Integer ( truncate ( 0 -Int ARG_INT1:Int , 16 , Signed ) , 16 , true )
~> #freez
┃  │   span: 91
┃  │
┃  │  (67 steps)
┃  ├─ 6 (terminal)
┃  │   #EndProgram ~> .K
┃  │
┃  ┊  constraint: true
┃  ┊  subst: ...
┃  └─ 2 (leaf, target, terminal)
┃      #EndProgram ~> .K
┃
┗━━┓
   │
   └─ 5 (leaf, terminal)
       thunk ( #applyBinOp ( binOpSubUnchecked , Integer ( 0 , 16 , true ) , Integer (
       span: 91



