
┌─ 1 (root, init)
│   #execTerminator ( terminator ( ... kind: terminatorKindCall ( ... func: operandC
│   span: 0
│
│  (74 steps)
├─ 3 (split)
│   #selectBlock ( switchTargets ( ... branches: branch ( 0 , basicBlockIdx ( 2 ) )
┃
┃ (branch)
┣━━┓ subst: .Subst
┃  ┃ constraint:
┃  ┃     notBool size ( ARG_ARRAY3:List ) ==Int 8
┃  │
┃  ├─ 4
┃  │   #selectBlock ( switchTargets ( ... branches: branch ( 0 , basicBlockIdx ( 2 ) )
┃  │
┃  │  (391 steps)
┃  ├─ 6 (terminal)
┃  │   #EndProgram ~> .K
┃  │
┃  ┊  constraint: true
┃  ┊  subst: ...
┃  └─ 2 (leaf, target, terminal)
┃      #EndProgram ~> .K
┃
┗━━┓ subst: .Subst
   ┃ constraint:
   ┃     8 ==Int size ( ARG_ARRAY3:List )
   │
   ├─ 5
   │   #selectBlock ( switchTargets ( ... branches: branch ( 0 , basicBlockIdx ( 2 ) )
   │
   │  (414 steps)
   ├─ 7 (split)
   │   #selectBlock ( switchTargets ( ... branches: branch ( 0 , basicBlockIdx ( 6 ) )
   ┃
   ┃ (branch)
   ┣━━┓ subst: .Subst
   ┃  ┃ constraint:
   ┃  ┃     notBool size ( ARG_ARRAY1:List ) >=Int 3
   ┃  │
   ┃  ├─ 8
   ┃  │   #selectBlock ( switchTargets ( ... branches: branch ( 0 , basicBlockIdx ( 6 ) )
   ┃  │
   ┃  │  (38 steps)
   ┃  └─ 10 (leaf, pending)
   ┃      #EndProgram ~> .K
   ┃
   ┗━━┓ subst: .Subst
      ┃ constraint:
      ┃     size ( ARG_ARRAY1:List ) >=Int 3
      │
      └─ 9 (leaf, pending)
          #selectBlock ( switchTargets ( ... branches: branch ( 0 , basicBlockIdx ( 6 ) )



