
┌─ 1 (root, init)
│   #execTerminator ( terminator ( ... kind: terminatorKindCall ( ... func: operandC
│   span: 0
│
│  (98 steps)
└─ 3 (stuck, leaf)
    #traverseProjection ( toLocal ( 6 ) , thunk ( #decodeConstant ( constantKindAllo
    function: main
    span: 101


┌─ 2 (root, leaf, target, terminal)
│   #EndProgram ~> .K


