
┌─ 1 (root, init)
│   #execTerminator ( terminator ( ... kind: terminatorKindCall ( ... func: operandC
│   span: 0
│
│  (89 steps)
└─ 3 (stuck, leaf)
    #readProjection ( typedValue ( Any , ty ( 25 ) , mutabilityNot ) , projectionEle
    function: main
    span: 101


┌─ 2 (root, leaf, target, terminal)
│   #EndProgram ~> .K


