
┌─ 1 (root, init)
│   #execTerminator ( terminator ( ... kind: terminatorKindCall ( ... func: operandC
│   span: 0
│
│  (65 steps)
└─ 3 (stuck, leaf)
    #prepareTerminatorCall ( ty ( 26 ) , monoItemFn ( ... name: symbol ( "_ZN4core9p
    span: 32


┌─ 2 (root, leaf, target, terminal)
│   #EndProgram ~> .K


