
┌─ 1 (root, init)
│   #execTerminator ( terminator ( ... kind: terminatorKindCall ( ... func: operandC
│   span: 0
│
│  (323 steps)
└─ 3 (stuck, leaf)
    #traverseProjection ( toLocal ( 1 ) , typedValue ( thunk ( #decodeConstant ( con
    span: 63


┌─ 2 (root, leaf, target, terminal)
│   #EndProgram ~> .K


