
┌─ 1 (root, init)
│   #init ( symbol ( "bitwise_fail" ) globalAllocEntry ( 5 , Memory ( allocation ( .
│   function: main
│   span: 68
│
│  (43 steps)
└─ 3 (stuck, leaf)
    #selectBlock ( switchTargets ( ... branches: branch ( 0 , basicBlockIdx ( 2 ) )
    function: main


┌─ 2 (root, leaf, target, terminal)
│   #EndProgram


