
┌─ 1 (root, init)
│   #init ( symbol ( "bitwise_not_shift_fail" ) globalAllocEntry ( 8 , Memory ( allo
│   function: main
│   span: 108
│
│  (254 steps)
└─ 3 (stuck, leaf)
    #readProjection ( typedValue ( RefAlloc ( 8 ) , ty ( 25 ) , mutabilityNot ) , pr
    span: 63


┌─ 2 (root, leaf, target, terminal)
│   #EndProgram


