
┌─ 1 (root, init)
│   #execTerminator ( terminator ( ... kind: terminatorKindCall ( ... func: operandC
│   span: 0
│
│  (199 steps)
└─ 3 (stuck, leaf)
    #execIntrinsic ( IntrinsicFunction ( symbol ( "volatile_load" ) ) , operandConst
    span: 32


┌─ 2 (root, leaf, target, terminal)
│   #EndProgram ~> .K


