
┌─ 1 (root, init)
│   #execTerminator ( terminator ( ... kind: terminatorKindCall ( ... func: operandC
│   span: src/rust/library/std/src/rt.rs:194
│
│  (9 steps)
├─ 3
│   #checkFunctionFilter ( monoItemFn ( ... name: symbol ( "foo" ) , id: defId ( 7 )
│   function: foo
│   span: /prove-rs/break-on-function.rs:4
│
│  (1 step)
├─ 4
│   #setUpCalleeData ( monoItemFn ( ... name: symbol ( "foo" ) , id: defId ( 7 ) , b
│   function: foo
│   span: /prove-rs/break-on-function.rs:4
│
│  (6 steps)
├─ 5
│   #checkFunctionFilter ( monoItemFn ( ... name: symbol ( "std::hint::black_box::<i
│   function: std::hint::black_box::<i32>
│   span: /rust/library/core/src/hint.rs:389
│
│  (1 step)
├─ 6
│   #setUpCalleeData ( monoItemFn ( ... name: symbol ( "std::hint::black_box::<i32>"
│   function: std::hint::black_box::<i32>
│   span: /rust/library/core/src/hint.rs:389
│
│  (13 steps)
├─ 7
│   #checkFunctionFilter ( IntrinsicFunction ( symbol ( "black_box" ) ) )
~> #execIn
│   function: std::hint::black_box::<i32>
│   span: /rust/library/core/src/hint.rs:389
│
│  (1 step)
├─ 8
│   #execIntrinsic ( IntrinsicFunction ( symbol ( "black_box" ) ) , operandMove ( pl
│   function: std::hint::black_box::<i32>
│   span: /rust/library/core/src/hint.rs:389
│
│  (42 steps)
├─ 9 (terminal)
│   #EndProgram ~> .K
│   function: main
│
┊  constraint: true
┊  subst: ...
└─ 2 (leaf, target, terminal)
    #EndProgram ~> .K