
┌─ 1 (root, init)
│   #execTerminator ( terminator ( ... kind: terminatorKindCall ( ... func: operandC
│   span: 0
│
│  (64 steps)
├─ 3 (split)
│   #selectBlock ( switchTargets ( ... branches: branch ( 0 , basicBlockIdx ( 4 ) )
┃
┃ (branch)
┣━━┓ subst: .Subst
┃  ┃ constraint:
┃  ┃     ARG_INT1:Int +Int ARG_INT2:Int ==K truncate ( ARG_INT1:Int +Int ARG_INT2:Int , 32 , Signed )
┃  │
┃  ├─ 4
┃  │   #selectBlock ( switchTargets ( ... branches: branch ( 0 , basicBlockIdx ( 4 ) )
┃  │
┃  │  (250 steps)
┃  ├─ 6 (terminal)
┃  │   #EndProgram ~> .K
┃  │
┃  ┊  constraint: true
┃  ┊  subst: ...
┃  └─ 2 (leaf, target, terminal)
┃      #EndProgram ~> .K
┃
┗━━┓ subst: .Subst
   ┃ constraint:
   ┃     notBool truncate ( ARG_INT1:Int +Int ARG_INT2:Int , 32 , Signed ) ==K ARG_INT1:Int +Int ARG_INT2:Int
   │
   ├─ 5
   │   #selectBlock ( switchTargets ( ... branches: branch ( 0 , basicBlockIdx ( 4 ) )
   │
   │  (6 steps)
   └─ 7 (stuck, leaf)
       #execIntrinsic ( IntrinsicFunction ( symbol ( "cold_path" ) ) , .Operands , plac



