
┌─ 1 (root, init)
│   #execTerminator ( terminator ( ... kind: terminatorKindCall ( ... func: operandC
│   span: 0
│
│  (94 steps)
└─ 3 (stuck, leaf)
    #setTupleArgs ( 2 , Integer ( 41 , 8 , false ) )
~> #execBlock ( basicBlock ( ..
    span: 121


┌─ 2 (root, leaf, target, terminal)
│   #EndProgram ~> .K


