
┌─ 1 (root, init)
│   #execTerminator ( terminator ( ... kind: terminatorKindCall ( ... func: operandC
│   span: 0
│
│  (44 steps)
├─ 3
│   #decodeConstant ( constantKindZeroSized , ty ( 33 ) , typeInfoFunType ( "{closur
│   span: 98
│
│  (1 step)
└─ 4 (leaf, terminal)
    thunk ( #decodeConstant ( constantKindZeroSized , ty ( 33 ) , typeInfoFunType (
    span: 98


┌─ 2 (root, leaf, target, terminal)
│   #EndProgram ~> .K


