
┌─ 1 (root, init)
│   #execTerminator ( terminator ( ... kind: terminatorKindCall ( ... func: operandC
│   span: src/rust/library/std/src/rt.rs:194
│
│  (41 steps)
├─ 3
│   #execTerminatorCall ( "write_double_ref" , ListItem (Reference ( 0 , place ( ...
│   function: double_ref_caller
│   span: ve-rs/cse-reference-summary.rs:49
│
│  (1 step)
├─ 4
│   #cseWriteBack ( Reference ( 0 , place ( ... local: local ( 1 ) , projection: .Pr
│   function: double_ref_caller
│
│  (36 steps)
├─ 5 (terminal)
│   #EndProgram ~> .K
│   function: double_ref_caller
│
┊  constraint: true
┊  subst: ...
└─ 2 (leaf, target, terminal)
    #EndProgram ~> .K