
┌─ 1 (root, init)
│   #execTerminator ( terminator ( ... kind: terminatorKindCall ( ... func: operandC
│   span: 0
│
│  (153 steps)
└─ 3 (stuck, leaf)
    #readProjection ( typedValue ( thunk ( #cast ( typedValue ( thunk ( rvalueAddres
    span: 53


┌─ 2 (root, leaf, target, terminal)
│   #EndProgram ~> .K


