
┌─ 1 (root, init)
│   #execTerminator ( terminator ( ... kind: terminatorKindCall ( ... func: operandC
│   span: 0
│
│  (881 steps)
└─ 3 (stuck, leaf)
    #traverseProjection ( toLocal ( 3 ) , Reference ( 8 , place ( ... local: local (
    span: 836


┌─ 2 (root, leaf, target, terminal)
│   #EndProgram ~> .K


