
┌─ 1 (root, init)
│   #init ( symbol ( "interior_mut2_fail" ) globalAllocEntry ( 1 , Memory ( allocati
│   function: main
│   span: 120
│
│  (151 steps)
└─ 3 (stuck, leaf)
    #readProjection ( typedValue ( thunk ( #cast ( typedValue ( thunk ( rvalueAddres
    span: 53


┌─ 2 (root, leaf, target, terminal)
│   #EndProgram


