
┌─ 1 (root, init)
│   #init ( symbol ( "interior_mut_fail" ) globalAllocEntry ( 2 , Memory ( allocatio
│   function: main
│   span: 288
│
│  (160 steps)
└─ 3 (stuck, leaf)
    #readProjection ( typedValue ( thunk ( #cast ( typedValue ( thunk ( rvalueAddres
    span: 91


┌─ 2 (root, leaf, target, terminal)
│   #EndProgram


