
┌─ 1 (root, init)
│   #execTerminator ( terminator ( ... kind: terminatorKindCall ( ... func: operandC
│   span: 0
│
│  (49 steps)
└─ 3 (stuck, leaf)
    rvalueAddressOf ( mutabilityNot , place ( ... local: local ( 1 ) , projection: p
    span: 52


┌─ 2 (root, leaf, target, terminal)
│   #EndProgram ~> .K


