
┌─ 1 (root, init)
│   #execTerminator ( terminator ( ... kind: terminatorKindCall ( ... func: operandC
│   span: 0
│
│  (179 steps)
└─ 3 (stuck, leaf)
    #traverseProjection ( toLocal ( 2 ) , typedValue ( thunk ( #cast ( PtrLocal ( 0
    span: 53


┌─ 2 (root, leaf, target, terminal)
│   #EndProgram ~> .K


