
┌─ 1 (root, init)
│   #execTerminator ( terminator ( ... kind: terminatorKindCall ( ... func: operandC
│   span: 0
│
│  (163 steps)
└─ 3 (stuck, leaf)
    #readProjection ( typedValue ( thunk ( #cast ( typedValue ( PtrLocal ( 0 , place
    span: 91


┌─ 2 (root, leaf, target, terminal)
│   #EndProgram ~> .K


