
┌─ 1 (root, init)
│   #execTerminator ( terminator ( ... kind: terminatorKindCall ( ... func: operandC
│   span: 0
│
│  (32 steps)
└─ 3 (stuck, leaf)
    #execIntrinsic ( IntrinsicFunction ( symbol ( "min_align_of_val" ) ) , operandMo
    span: 244


┌─ 2 (root, leaf, target, terminal)
│   #EndProgram ~> .K


