
┌─ 1 (root, init)
│   #execTerminator ( terminator ( ... kind: terminatorKindCall ( ... func: operandC
│   span: 0
│
│  (629 steps)
└─ 3 (stuck, leaf)
    #traverseProjection ( toStack ( 1 , local ( 1 ) ) , Aggregate ( variantIdx ( 0 )
    span: 146


┌─ 2 (root, leaf, target, terminal)
│   #EndProgram ~> .K


