
┌─ 1 (root, init)
│   #execTerminator ( terminator ( ... kind: terminatorKindCall ( ... func: operandC
│   span: 0
│
│  (2164 steps)
└─ 3 (stuck, leaf)
    #traverseProjection ( toStack ( 2 , local ( 1 ) ) , Range ( ListItem ( Range ( L
    span: 126


┌─ 2 (root, leaf, target, terminal)
│   #EndProgram ~> .K


