
┌─ 1 (root, init)
│   #execTerminator ( terminator ( ... kind: terminatorKindCall ( ... func: operandC
│   span: 0
│
│  (1947 steps)
└─ 3 (stuck, leaf)
    #traverseProjection ( toLocal ( 1 ) , thunk ( operandCopy ( place ( ... local: l
    span: 30


┌─ 2 (root, leaf, target, terminal)
│   #EndProgram ~> .K


