
┌─ 1 (root, init)
│   #execTerminator ( terminator ( ... kind: terminatorKindCall ( ... func: operandC
│   span: 0
│
│  (46 steps)
├─ 3
│   #cast ( PtrLocal ( slotPlace ( 2 , projectionElemToZST  .ProjectionElems ) , mut
│   function: main
│   span: 50
│
│  (1 step)
└─ 4 (leaf, terminal)
    thunk ( #cast ( PtrLocal ( slotPlace ( 2 , projectionElemToZST  .ProjectionElems
    function: main
    span: 50


┌─ 2 (root, leaf, target, terminal)
│   #EndProgram ~> .K


