
┌─ 1 (root, init)
│   #execTerminator ( terminator ( ... kind: terminatorKindCall ( ... func: operandC
│   span: 0
│
│  (74 steps)
└─ 3 (stuck, leaf)
    #traverseProjection ( toLocal ( 5 ) , thunk ( #applyBinOp ( binOpOffset , thunk
    span: 70


┌─ 2 (root, leaf, target, terminal)
│   #EndProgram ~> .K


