
┌─ 1 (root, init)
│   #execTerminator ( terminator ( ... kind: terminatorKindCall ( ... func: operandC
│   span: <span>
│
│  (35 steps)
└─ 3 (stuck, leaf)
    #traverseProjection ( toAlloc ( allocId ( 0 ) ) , StringVal ( "123" ) , .Project
    span: <span>


┌─ 2 (root, leaf, target, terminal)
│   #EndProgram ~> .K