
┌─ 1 (root, init)
│   #execTerminator ( terminator ( ... kind: terminatorKindCall ( ... func: operandC
│   span: 0
│
│  (44 steps)
├─ 3 (split)
│   #selectBlock ( switchTargets ( ... branches: branch ( 0 , basicBlockIdx ( 2 ) )
┃
┃ (branch)
┣━━┓ subst: .Subst
┃  ┃ constraint:
┃  ┃     notBool size ( ARG_ARRAY1:List ) >=Int 4
┃  │
┃  ├─ 4
┃  │   #selectBlock ( switchTargets ( ... branches: branch ( 0 , basicBlockIdx ( 2 ) )
┃  │
┃  │  (6 steps)
┃  └─ 6 (stuck, leaf)
┃      #setUpCalleeData ( monoItemFn ( ... name: symbol ( "** UNKNOWN FUNCTION **" ) ,
┃      span: 32
┃
┗━━┓ subst: .Subst
   ┃ constraint:
   ┃     size ( ARG_ARRAY1:List ) >=Int 4
   │
   ├─ 5
   │   #selectBlock ( switchTargets ( ... branches: branch ( 0 , basicBlockIdx ( 2 ) )
   │
   │  (211 steps)
   ├─ 7
   │   #traverseProjection ( toStack ( 1 , local ( 2 ) ) , Range ( range ( #mapOffset (
   │   span: 87
   ┃
   ┃ (1 step)
   ┣━━┓
   ┃  │
   ┃  ├─ 8
   ┃  │   #traverseProjection ( toStack ( 1 , local ( 2 ) ) , project:Value ( range ( #map
   ┃  │   span: 87
   ┃  │
   ┃  │  (6 steps)
   ┃  ├─ 10
   ┃  │   #traverseProjection ( toStack ( 1 , local ( 2 ) ) , Range ( range ( #mapOffset (
   ┃  │   span: 87
   ┃  ┃
   ┃  ┃ (1 step)
   ┃  ┣━━┓
   ┃  ┃  │
   ┃  ┃  ├─ 11
   ┃  ┃  │   #traverseProjection ( toStack ( 1 , local ( 2 ) ) , Range ( range ( range ( #map
   ┃  ┃  │   span: 87
   ┃  ┃  │
   ┃  ┃  │  (114 steps)
   ┃  ┃  └─ 13 (stuck, leaf)
   ┃  ┃      #traverseProjection ( toLocal ( 5 ) , Range ( range ( #mapOffset ( ARG_ARRAY1:Li
   ┃  ┃      span: 97
   ┃  ┃
   ┃  ┗━━┓
   ┃     │
   ┃     └─ 12 (stuck, leaf)
   ┃         #traverseProjection ( toStack ( 1 , local ( 2 ) ) , Range ( range ( #mapOffset (
   ┃         span: 87
   ┃
   ┗━━┓
      │
      └─ 9 (stuck, leaf)
          #traverseProjection ( toStack ( 1 , local ( 2 ) ) , Range ( range ( #mapOffset (
          span: 87


┌─ 2 (root, leaf, target, terminal)
│   #EndProgram ~> .K


