
┌─ 1 (root, init)
│   #execTerminator ( terminator ( ... kind: terminatorKindCall ( ... func: operandC
│   function: main
│   span: 0
│
│  (142 steps)
└─ 3 (stuck, leaf)
    #traverseProjection ( toLocal ( 1 ) , Aggregate ( variantIdx ( 0 ) , ListItem (
    function: main
    span: 282


┌─ 2 (root, leaf, target, terminal)
│   #EndProgram ~> .K


