
┌─ 1 (root, init)
│   #execTerminator ( terminator ( ... kind: terminatorKindCall ( ... func: operandC
│   span: 0
│
│  (50 steps)
├─ 3
│   #setLocalValue ( place ( ... local: local ( 2 ) , projection: .ProjectionElems )
│   function: main
│   span: 93
│
│  (34 steps)
├─ 4
│   #cast ( PtrLocal ( slotPlace ( 2 , projectionElemToZST  .ProjectionElems ) , mut
│   function: main
│   span: 90
│
│  (1 step)
└─ 5 (leaf, terminal)
    thunk ( #cast ( PtrLocal ( slotPlace ( 2 , projectionElemToZST  .ProjectionElems
    function: main
    span: 90


┌─ 2 (root, leaf, target, terminal)
│   #EndProgram ~> .K


