
┌─ 1 (root, init)
│   #execTerminator ( terminator ( ... kind: terminatorKindCall ( ... func: operandC
│   span: 0
│
│  (35 steps)
├─ 3 (split)
│   #selectBlock ( switchTargets ( ... branches: branch ( 0 , basicBlockIdx ( 4 ) )
┃
┃ (branch)
┣━━┓ subst: .Subst
┃  ┃ constraint:
┃  ┃     notBool ARG_INT1:Int <=Int ARG_INT2:Int
┃  │
┃  ├─ 4
┃  │   #selectBlock ( switchTargets ( ... branches: branch ( 0 , basicBlockIdx ( 4 ) )
┃  │
┃  │  (27 steps)
┃  ├─ 6 (split)
┃  │   #expect ( BoolVal ( notBool truncate ( ARG_INT1:Int -Int ARG_INT2:Int , 32 , Sig
┃  ┃
┃  ┃ (branch)
┃  ┣━━┓ subst: .Subst
┃  ┃  ┃ constraint:
┃  ┃  ┃     notBool notBool truncate ( ARG_INT1:Int -Int ARG_INT2:Int , 32 , Signed ) ==Int ARG_INT1:Int -Int ARG_INT2:Int ==Bool false
┃  ┃  │
┃  ┃  ├─ 8
┃  ┃  │   #expect ( BoolVal ( notBool truncate ( ARG_INT1:Int -Int ARG_INT2:Int , 32 , Sig
┃  ┃  │
┃  ┃  │  (2 steps)
┃  ┃  └─ 12 (stuck, leaf)
┃  ┃      #ProgramError ( AssertError ( assertMessageOverflow ( binOpSub , operandCopy ( p
┃  ┃
┃  ┗━━┓ subst: .Subst
┃     ┃ constraint:
┃     ┃     notBool truncate ( ARG_INT1:Int -Int ARG_INT2:Int , 32 , Signed ) ==Int ARG_INT1:Int -Int ARG_INT2:Int ==Bool false
┃     │
┃     ├─ 9
┃     │   #expect ( BoolVal ( notBool truncate ( ARG_INT1:Int -Int ARG_INT2:Int , 32 , Sig
┃     │
┃     │  (134 steps)
┃     ├─ 13 (split)
┃     │   #selectBlock ( switchTargets ( ... branches: branch ( 0 , basicBlockIdx ( 7 ) )
┃     ┃
┃     ┃ (branch)
┃     ┣━━┓ subst: .Subst
┃     ┃  ┃ constraint:
┃     ┃  ┃     notBool truncate ( ARG_INT1:Int -Int ARG_INT2:Int , 32 , Signed ) ==K minInt ( maxInt ( ARG_INT1:Int -Int ARG_INT2:Int , -2147483648 ) , 2147483647 )
┃     ┃  │
┃     ┃  ├─ 16
┃     ┃  │   #selectBlock ( switchTargets ( ... branches: branch ( 0 , basicBlockIdx ( 7 ) )
┃     ┃  │
┃     ┃  │  (58 steps)
┃     ┃  ├─ 19
┃     ┃  │   #cast ( Reference ( 0 , place ( ... local: local ( 2 ) , projection: .Projection
┃     ┃  │   span: 78
┃     ┃  │
┃     ┃  │  (1 step)
┃     ┃  └─ 21 (leaf, terminal)
┃     ┃      thunk ( #cast ( Reference ( 0 , place ( ... local: local ( 2 ) , projection: .Pr
┃     ┃      span: 78
┃     ┃
┃     ┗━━┓ subst: .Subst
┃        ┃ constraint:
┃        ┃     minInt ( maxInt ( ARG_INT1:Int -Int ARG_INT2:Int , -2147483648 ) , 2147483647 ) ==K truncate ( ARG_INT1:Int -Int ARG_INT2:Int , 32 , Signed )
┃        │
┃        ├─ 17
┃        │   #selectBlock ( switchTargets ( ... branches: branch ( 0 , basicBlockIdx ( 7 ) )
┃        │
┃        │  (6 steps)
┃        ├─ 20 (terminal)
┃        │   #EndProgram ~> .K
┃        │
┃        ┊  constraint: true
┃        ┊  subst: ...
┃        └─ 2 (leaf, target, terminal)
┃            #EndProgram ~> .K
┃
┗━━┓ subst: .Subst
   ┃ constraint:
   ┃     ARG_INT1:Int <=Int ARG_INT2:Int
   │
   ├─ 5
   │   #selectBlock ( switchTargets ( ... branches: branch ( 0 , basicBlockIdx ( 4 ) )
   │
   │  (124 steps)
   ├─ 7 (split)
   │   #selectBlock ( switchTargets ( ... branches: branch ( 0 , basicBlockIdx ( 3 ) )
   ┃
   ┃ (branch)
   ┣━━┓ subst: .Subst
   ┃  ┃ constraint:
   ┃  ┃     notBool 0 ==Int maxInt ( ARG_INT1:Int -Int ARG_INT2:Int , -2147483648 )
   ┃  │
   ┃  ├─ 10
   ┃  │   #selectBlock ( switchTargets ( ... branches: branch ( 0 , basicBlockIdx ( 3 ) )
   ┃  │
   ┃  │  (58 steps)
   ┃  ├─ 14
   ┃  │   #cast ( Reference ( 0 , place ( ... local: local ( 2 ) , projection: .Projection
   ┃  │   span: 78
   ┃  │
   ┃  │  (1 step)
   ┃  └─ 18 (leaf, terminal)
   ┃      thunk ( #cast ( Reference ( 0 , place ( ... local: local ( 2 ) , projection: .Pr
   ┃      span: 78
   ┃
   ┗━━┓ subst: .Subst
      ┃ constraint:
      ┃     0 ==Int maxInt ( ARG_INT1:Int -Int ARG_INT2:Int , -2147483648 )
      │
      ├─ 11
      │   #selectBlock ( switchTargets ( ... branches: branch ( 0 , basicBlockIdx ( 3 ) )
      │
      │  (6 steps)
      ├─ 15 (terminal)
      │   #EndProgram ~> .K
      │
      ┊  constraint: true
      ┊  subst: ...
      └─ 2 (leaf, target, terminal)
          #EndProgram ~> .K



