
┌─ 1 (root, init)
│   #execTerminator ( terminator ( ... kind: terminatorKindCall ( ... func: operandC
│   span: 0
│
│  (1839 steps)
└─ 3 (stuck, leaf)
    #setUpCalleeData ( monoItemFn ( ... name: symbol ( "** UNKNOWN FUNCTION **" ) ,
    span: 149


┌─ 2 (root, leaf, target, terminal)
│   #EndProgram ~> .K


