
┌─ 1 (root, init)
│   #execTerminator ( terminator ( ... kind: terminatorKindCall ( ... func: operandC
│   span: 0
│
│  (543 steps)
└─ 3 (stuck, leaf)
    #execTerminator ( terminator ( ... kind: terminatorKindCall ( ... func: operandC
    function: main
    span: 117


┌─ 2 (root, leaf, target, terminal)
│   #EndProgram ~> .K


