
┌─ 1 (root, init)
│   #execTerminator ( terminator ( ... kind: terminatorKindCall ( ... func: operandC
│   span: 0
│
│  (50 steps)
├─ 3
│   #setArgsFromStack ( 7 , operandCopy ( place ( ... local: local ( 7 ) , projectio
│   span: 51
│
│  (32 steps)
├─ 4 (split)
│   #selectBlock ( switchTargets ( ... branches: branch ( 0 , basicBlockIdx ( 3 ) )
┃
┃ (branch)
┣━━┓ subst: .Subst
┃  ┃ constraint:
┃  ┃     notBool ARG_BOOL3:Bool
┃  │
┃  ├─ 5
┃  │   #selectBlock ( switchTargets ( ... branches: branch ( 0 , basicBlockIdx ( 3 ) )
┃  │
┃  │  (50 steps)
┃  ├─ 7
┃  │   #traverseProjection ( toSlot ( 33 ) , Integer ( 0 , 64 , false ) , .ProjectionEl
┃  │   span: 56
┃  │
┃  │  (50 steps)
┃  ├─ 9
┃  │   #execStmt ( statement ( ... kind: statementKindAssign ( ... place: place ( ... l
┃  │   span: 63
┃  │
┃  │  (37 steps)
┃  ├─ 11 (split)
┃  │   #selectBlock ( switchTargets ( ... branches: branch ( 0 , basicBlockIdx ( 9 ) )
┃  ┃
┃  ┃ (branch)
┃  ┣━━┓ subst: .Subst
┃  ┃  ┃ constraint:
┃  ┃  ┃     notBool size ( ARG_ARRAY8:List ) >Int 0
┃  ┃  │
┃  ┃  ├─ 13
┃  ┃  │   #selectBlock ( switchTargets ( ... branches: branch ( 0 , basicBlockIdx ( 9 ) )
┃  ┃  │
┃  ┃  │  (5 steps)
┃  ┃  ├─ 17 (terminal)
┃  ┃  │   #EndProgram ~> .K
┃  ┃  │
┃  ┃  ┊  constraint: true
┃  ┃  ┊  subst: ...
┃  ┃  └─ 2 (leaf, target, terminal)
┃  ┃      #EndProgram ~> .K
┃  ┃
┃  ┗━━┓ subst: .Subst
┃     ┃ constraint:
┃     ┃     size ( ARG_ARRAY8:List ) >Int 0
┃     │
┃     ├─ 14
┃     │   #selectBlock ( switchTargets ( ... branches: branch ( 0 , basicBlockIdx ( 9 ) )
┃     │
┃     │  (50 steps)
┃     ├─ 18
┃     │   operandCopy ( place ( ... local: local ( 7 ) , projection: projectionElemDeref
┃     │   span: 68
┃     │
┃     │  (50 steps)
┃     ├─ 21
┃     │   BoolVal ( 0 <Int size ( ARG_ARRAY8:List ) )
~> #freezer#expect(_,_,_)_KMIR-CONTR
┃     │
┃     │  (28 steps)
┃     ├─ 23 (terminal)
┃     │   #EndProgram ~> .K
┃     │
┃     ┊  constraint:
┃     ┊      0 <Int size ( ARG_ARRAY8:List )
┃     ┊      allValues ( ARG_ARRAY8:List )
┃     ┊  subst: ...
┃     └─ 2 (leaf, target, terminal)
┃         #EndProgram ~> .K
┃
┗━━┓ subst: .Subst
   ┃ constraint:
   ┃     ARG_BOOL3:Bool
   │
   ├─ 6
   │   #selectBlock ( switchTargets ( ... branches: branch ( 0 , basicBlockIdx ( 3 ) )
   │
   │  (50 steps)
   ├─ 8
   │   operandMove ( place ( ... local: local ( 4 ) , projection: .ProjectionElems ) )
   │   span: 54
   │
   │  (50 steps)
   ├─ 10
   │   #decodeConstant ( constantKindAllocated ( allocation ( ... bytes: b"\x00\x00\x00
   │   span: 61
   │
   │  (13 steps)
   ├─ 12 (split)
   │   #selectBlock ( switchTargets ( ... branches: branch ( 0 , basicBlockIdx ( 9 ) )
   ┃
   ┃ (branch)
   ┣━━┓ subst: .Subst
   ┃  ┃ constraint:
   ┃  ┃     notBool size ( ARG_ARRAY8:List ) >Int 0
   ┃  │
   ┃  ├─ 15
   ┃  │   #selectBlock ( switchTargets ( ... branches: branch ( 0 , basicBlockIdx ( 9 ) )
   ┃  │
   ┃  │  (5 steps)
   ┃  ├─ 19 (terminal)
   ┃  │   #EndProgram ~> .K
   ┃  │
   ┃  ┊  constraint: true
   ┃  ┊  subst: ...
   ┃  └─ 2 (leaf, target, terminal)
   ┃      #EndProgram ~> .K
   ┃
   ┗━━┓ subst: .Subst
      ┃ constraint:
      ┃     size ( ARG_ARRAY8:List ) >Int 0
      │
      ├─ 16
      │   #selectBlock ( switchTargets ( ... branches: branch ( 0 , basicBlockIdx ( 9 ) )
      │
      │  (50 steps)
      ├─ 20
      │   operandCopy ( place ( ... local: local ( 7 ) , projection: projectionElemDeref
      │   span: 68
      │
      │  (50 steps)
      ├─ 22
      │   BoolVal ( 0 <Int size ( ARG_ARRAY8:List ) )
~> #freezer#expect(_,_,_)_KMIR-CONTR
      │
      │  (28 steps)
      ├─ 24 (terminal)
      │   #EndProgram ~> .K
      │
      ┊  constraint:
      ┊      0 <Int size ( ARG_ARRAY8:List )
      ┊      allValues ( ARG_ARRAY8:List )
      ┊  subst: ...
      └─ 2 (leaf, target, terminal)
          #EndProgram ~> .K



