
┌─ 1 (root, init)
│   #execTerminator ( terminator ( ... kind: terminatorKindCall ( ... func: operandC
│   span: 0
│
│  (51 steps)
├─ 3 (split)
│   #selectBlock ( switchTargets ( ... branches: branch ( 0 , basicBlockIdx ( 3 ) )
┃
┃ (branch)
┣━━┓ subst: .Subst
┃  ┃ constraint:
┃  ┃     notBool ARG_BOOL3:Bool
┃  │
┃  ├─ 4
┃  │   #selectBlock ( switchTargets ( ... branches: branch ( 0 , basicBlockIdx ( 3 ) )
┃  │
┃  │  (140 steps)
┃  ├─ 6 (split)
┃  │   #selectBlock ( switchTargets ( ... branches: branch ( 0 , basicBlockIdx ( 9 ) )
┃  ┃
┃  ┃ (branch)
┃  ┣━━┓ subst: .Subst
┃  ┃  ┃ constraint:
┃  ┃  ┃     notBool size ( ARG_ARRAY7:List ) >Int 0
┃  ┃  │
┃  ┃  ├─ 8
┃  ┃  │   #selectBlock ( switchTargets ( ... branches: branch ( 0 , basicBlockIdx ( 9 ) )
┃  ┃  │
┃  ┃  │  (5 steps)
┃  ┃  ├─ 12 (terminal)
┃  ┃  │   #EndProgram ~> .K
┃  ┃  │
┃  ┃  ┊  constraint:
┃  ┃  ┊      Ceil_d5029c10
┃  ┃  ┊  subst: ...
┃  ┃  └─ 2 (leaf, target, terminal)
┃  ┃      #EndProgram ~> .K
┃  ┃
┃  ┗━━┓ subst: .Subst
┃     ┃ constraint:
┃     ┃     size ( ARG_ARRAY7:List ) >Int 0
┃     │
┃     ├─ 9
┃     │   #selectBlock ( switchTargets ( ... branches: branch ( 0 , basicBlockIdx ( 9 ) )
┃     │
┃     │  (119 steps)
┃     ├─ 13
┃     │   #traverseProjection ( toStack ( 1 , local ( 11 ) ) , Range ( ARG_ARRAY7:List ) ,
┃     │   span: 69
┃     ┃
┃     ┃ (1 step)
┃     ┣━━┓
┃     ┃  │
┃     ┃  ├─ 16
┃     ┃  │   #traverseProjection ( toStack ( 1 , local ( 11 ) ) , project:Value ( ARG_ARRAY7:
┃     ┃  │   span: 69
┃     ┃  │
┃     ┃  │  (7 steps)
┃     ┃  ├─ 20 (terminal)
┃     ┃  │   #EndProgram ~> .K
┃     ┃  │
┃     ┃  ┊  constraint:
┃     ┃  ┊      Ceil_017e41e7
┃     ┃  ┊      Ceil_d5029c10
┃     ┃  ┊  subst: ...
┃     ┃  └─ 2 (leaf, target, terminal)
┃     ┃      #EndProgram ~> .K
┃     ┃
┃     ┗━━┓
┃        │
┃        └─ 17 (stuck, leaf)
┃            #traverseProjection ( toStack ( 1 , local ( 11 ) ) , Range ( ARG_ARRAY7:List ) ,
┃            span: 69
┃
┗━━┓ subst: .Subst
   ┃ constraint:
   ┃     ARG_BOOL3:Bool
   │
   ├─ 5
   │   #selectBlock ( switchTargets ( ... branches: branch ( 0 , basicBlockIdx ( 3 ) )
   │
   │  (116 steps)
   ├─ 7 (split)
   │   #selectBlock ( switchTargets ( ... branches: branch ( 0 , basicBlockIdx ( 9 ) )
   ┃
   ┃ (branch)
   ┣━━┓ subst: .Subst
   ┃  ┃ constraint:
   ┃  ┃     notBool size ( ARG_ARRAY7:List ) >Int 0
   ┃  │
   ┃  ├─ 10
   ┃  │   #selectBlock ( switchTargets ( ... branches: branch ( 0 , basicBlockIdx ( 9 ) )
   ┃  │
   ┃  │  (5 steps)
   ┃  ├─ 14 (terminal)
   ┃  │   #EndProgram ~> .K
   ┃  │
   ┃  ┊  constraint: true
   ┃  ┊  subst: ...
   ┃  └─ 2 (leaf, target, terminal)
   ┃      #EndProgram ~> .K
   ┃
   ┗━━┓ subst: .Subst
      ┃ constraint:
      ┃     size ( ARG_ARRAY7:List ) >Int 0
      │
      ├─ 11
      │   #selectBlock ( switchTargets ( ... branches: branch ( 0 , basicBlockIdx ( 9 ) )
      │
      │  (119 steps)
      ├─ 15
      │   #traverseProjection ( toStack ( 1 , local ( 11 ) ) , Range ( ARG_ARRAY7:List ) ,
      │   span: 69
      ┃
      ┃ (1 step)
      ┣━━┓
      ┃  │
      ┃  ├─ 18
      ┃  │   #traverseProjection ( toStack ( 1 , local ( 11 ) ) , project:Value ( ARG_ARRAY7:
      ┃  │   span: 69
      ┃  │
      ┃  │  (7 steps)
      ┃  ├─ 21 (terminal)
      ┃  │   #EndProgram ~> .K
      ┃  │
      ┃  ┊  constraint:
      ┃  ┊      Ceil_017e41e7
      ┃  ┊  subst: ...
      ┃  └─ 2 (leaf, target, terminal)
      ┃      #EndProgram ~> .K
      ┃
      ┗━━┓
         │
         └─ 19 (stuck, leaf)
             #traverseProjection ( toStack ( 1 , local ( 11 ) ) , Range ( ARG_ARRAY7:List ) ,
             span: 69



