
┌─ 1 (root, init)
│   #execTerminator ( terminator ( ... kind: terminatorKindCall ( ... func: operandC
│   span: 0
│
│  (91 steps)
├─ 3 (split)
│   #selectBlock ( switchTargets ( ... branches: branch ( 0 , basicBlockIdx ( 3 ) )
┃
┃ (branch)
┣━━┓ subst: .Subst
┃  ┃ constraint:
┃  ┃     notBool ARG_BOOL3:Bool
┃  │
┃  ├─ 4
┃  │   #selectBlock ( switchTargets ( ... branches: branch ( 0 , basicBlockIdx ( 3 ) )
┃  │
┃  │  (145 steps)
┃  ├─ 6 (split)
┃  │   #selectBlock ( switchTargets ( ... branches: branch ( 0 , basicBlockIdx ( 9 ) )
┃  ┃
┃  ┃ (branch)
┃  ┣━━┓ subst: .Subst
┃  ┃  ┃ constraint:
┃  ┃  ┃     notBool size ( ARG_ARRAY8:List ) >Int 0
┃  ┃  │
┃  ┃  ├─ 8
┃  ┃  │   #selectBlock ( switchTargets ( ... branches: branch ( 0 , basicBlockIdx ( 9 ) )
┃  ┃  │
┃  ┃  │  (5 steps)
┃  ┃  ├─ 12 (terminal)
┃  ┃  │   #EndProgram ~> .K
┃  ┃  │
┃  ┃  ┊  constraint: true
┃  ┃  ┊  subst: ...
┃  ┃  └─ 2 (leaf, target, terminal)
┃  ┃      #EndProgram ~> .K
┃  ┃
┃  ┗━━┓ subst: .Subst
┃     ┃ constraint:
┃     ┃     size ( ARG_ARRAY8:List ) >Int 0
┃     │
┃     ├─ 9
┃     │   #selectBlock ( switchTargets ( ... branches: branch ( 0 , basicBlockIdx ( 9 ) )
┃     │
┃     │  (126 steps)
┃     ├─ 13
┃     │   #traverseProjection ( toSlot ( 12 ) , Range ( ARG_ARRAY8:List ) , projectionElem
┃     │   span: 69
┃     ┃
┃     ┃ (1 step)
┃     ┣━━┓
┃     ┃  │
┃     ┃  ├─ 16
┃     ┃  │   #traverseProjection ( toSlot ( 12 ) , project:Value ( ARG_ARRAY8:List [ 0 ] ~> .
┃     ┃  │   span: 69
┃     ┃  │
┃     ┃  │  (7 steps)
┃     ┃  ├─ 20
┃     ┃  │   #execTerminator ( terminator ( ... kind: terminatorKindReturn , span: span ( 71
┃     ┃  │   span: 71
┃     ┃  ┃
┃     ┃  ┃ (1 step)
┃     ┃  ┣━━┓
┃     ┃  ┃  │
┃     ┃  ┃  ├─ 22 (terminal)
┃     ┃  ┃  │   #EndProgram ~> .K
┃     ┃  ┃  │
┃     ┃  ┃  ┊  constraint:
┃     ┃  ┃  ┊      Ceil_2cca30a3
┃     ┃  ┃  ┊  subst: ...
┃     ┃  ┃  └─ 2 (leaf, target, terminal)
┃     ┃  ┃      #EndProgram ~> .K
┃     ┃  ┃
┃     ┃  ┗━━┓
┃     ┃     │
┃     ┃     └─ 23 (leaf, pending)
┃     ┃         #execTerminator ( terminator ( ... kind: terminatorKindReturn , span: span ( 71
┃     ┃         span: 71
┃     ┃
┃     ┗━━┓
┃        │
┃        └─ 17 (stuck, leaf)
┃            #traverseProjection ( toSlot ( 12 ) , Range ( ARG_ARRAY8:List ) , projectionElem
┃            span: 69
┃
┗━━┓ subst: .Subst
   ┃ constraint:
   ┃     ARG_BOOL3:Bool
   │
   ├─ 5
   │   #selectBlock ( switchTargets ( ... branches: branch ( 0 , basicBlockIdx ( 3 ) )
   │
   │  (119 steps)
   ├─ 7 (split)
   │   #selectBlock ( switchTargets ( ... branches: branch ( 0 , basicBlockIdx ( 9 ) )
   ┃
   ┃ (branch)
   ┣━━┓ subst: .Subst
   ┃  ┃ constraint:
   ┃  ┃     notBool size ( ARG_ARRAY8:List ) >Int 0
   ┃  │
   ┃  ├─ 10
   ┃  │   #selectBlock ( switchTargets ( ... branches: branch ( 0 , basicBlockIdx ( 9 ) )
   ┃  │
   ┃  │  (5 steps)
   ┃  ├─ 14 (terminal)
   ┃  │   #EndProgram ~> .K
   ┃  │
   ┃  ┊  constraint: true
   ┃  ┊  subst: ...
   ┃  └─ 2 (leaf, target, terminal)
   ┃      #EndProgram ~> .K
   ┃
   ┗━━┓ subst: .Subst
      ┃ constraint:
      ┃     size ( ARG_ARRAY8:List ) >Int 0
      │
      ├─ 11
      │   #selectBlock ( switchTargets ( ... branches: branch ( 0 , basicBlockIdx ( 9 ) )
      │
      │  (126 steps)
      ├─ 15
      │   #traverseProjection ( toSlot ( 12 ) , Range ( ARG_ARRAY8:List ) , projectionElem
      │   span: 69
      ┃
      ┃ (1 step)
      ┣━━┓
      ┃  │
      ┃  ├─ 18
      ┃  │   #traverseProjection ( toSlot ( 12 ) , project:Value ( ARG_ARRAY8:List [ 0 ] ~> .
      ┃  │   span: 69
      ┃  │
      ┃  │  (7 steps)
      ┃  ├─ 21
      ┃  │   #execTerminator ( terminator ( ... kind: terminatorKindReturn , span: span ( 71
      ┃  │   span: 71
      ┃  ┃
      ┃  ┃ (1 step)
      ┃  ┣━━┓
      ┃  ┃  │
      ┃  ┃  └─ 24 (leaf, pending)
      ┃  ┃      #EndProgram ~> .K
      ┃  ┃
      ┃  ┗━━┓
      ┃     │
      ┃     └─ 25 (leaf, pending)
      ┃         #execTerminator ( terminator ( ... kind: terminatorKindReturn , span: span ( 71
      ┃         span: 71
      ┃
      ┗━━┓
         │
         └─ 19 (stuck, leaf)
             #traverseProjection ( toSlot ( 12 ) , Range ( ARG_ARRAY8:List ) , projectionElem
             span: 69



