
┌─ 1 (root, init)
│   #execTerminator ( terminator ( ... kind: terminatorKindCall ( ... func: operandC
│   span: 0
│
│  (50 steps)
├─ 3
│   #readOperandsAux ( ListItem ( Integer ( 0 , 8 , true ) ) , .Operands )
~> #mkAgg
│   function: main
│   span: 91
│
│  (50 steps)
├─ 4
│   Reference ( slotPlace ( 2 , .ProjectionElems ) , mutabilityNot , metadata ( noMe
│   function: main
│   span: 97
│
│  (50 steps)
├─ 5
│   rvalueUse ( operandConstant ( constOperand ( ... span: span ( 101 ) , userTy: no
│   function: main
│   span: 101
│
│  (50 steps)
├─ 6
│   #decodeConstant ( constantKindAllocated ( allocation ( ... bytes: b"\x02" , prov
│   function: main
│   span: 109
│
│  (50 steps)
├─ 7
│   #readOperandsAux ( .List , operandMove ( place ( ... local: local ( 8 ) , projec
│   function: main
│   span: 115
│
│  (50 steps)
├─ 8
│   #reserveSlots ( localDecl ( ... ty: ty ( 34 ) , span: span ( 80 ) , mut: mutabil
│   span: 80
│
│  (50 steps)
├─ 9
│   #setArgsFromStack ( 8 , operandCopy ( place ( ... local: local ( 21 ) , projecti
│   span: 51
│
│  (50 steps)
├─ 10
│   #execStmt ( statement ( ... kind: statementKindAssign ( ... place: place ( ... l
│   span: 52
│
│  (50 steps)
├─ 11
│   #traverseProjection ( toSlot ( 15 ) , Range ( ListItem ( Integer ( 1 , 8 , false
│   span: 63
│
│  (50 steps)
├─ 12
│   operandConstant ( constOperand ( ... span: span ( 66 ) , userTy: noUserTypeAnnot
│   span: 66
│
│  (50 steps)
├─ 13
│   #execStmt ( statement ( ... kind: statementKindAssign ( ... place: place ( ... l
│   span: 68
│
│  (50 steps)
├─ 14
│   #cast ( operandMove ( place ( ... local: local ( 20 ) , projection: .ProjectionE
│   span: 69
│
│  (26 steps)
└─ 15 (stuck, leaf)
    #setUpCalleeData ( monoItemFn ( ... name: symbol ( "_ZN4core9panicking5panic17h<hash>
    span: 32


┌─ 2 (root, leaf, target, terminal)
│   #EndProgram ~> .K


