
┌─ 1 (root, init)
│   #execTerminator ( terminator ( ... kind: terminatorKindCall ( ... func: operandC
│   span: 0
│
│  (16 steps)
└─ 3 (stuck, leaf)
    #ProgramError ( #UBInvalidTransmuteMaybeUninit )
~> #freezer#setLocalValue(_,_)_
    function: main
    span: 60


┌─ 2 (root, leaf, target, terminal)
│   #EndProgram ~> .K


