
┌─ 1 (root, init)
│   #execTerminator ( terminator ( ... kind: terminatorKindCall ( ... func: operandC
│   span: 0
│
│  (103 steps)
└─ 3 (stuck, leaf)
    #traverseProjection ( toLocal ( 2 ) , thunk ( #decodeConstant ( constantKindAllo
    span: 153


┌─ 2 (root, leaf, target, terminal)
│   #EndProgram ~> .K


