
┌─ 1 (root, init)
│   #execTerminator ( terminator ( ... kind: terminatorKindCall ( ... func: operandC
│   span: 0
│
│  (37 steps)
├─ 3
│   #selectBlock ( switchTargets ( ... branches: branch ( 42 , basicBlockIdx ( 1 ) )
│   function: main
┃
┃ (1 step)
┣━━┓
┃  │
┃  ├─ 4
┃  │   #execBlockIdx ( basicBlockIdx ( 1 ) ) ~> .K
┃  │   function: main
┃  │
┃  │  (4 steps)
┃  ├─ 7 (terminal)
┃  │   #EndProgram ~> .K
┃  │   function: main
┃  │
┃  ┊  constraint: true
┃  ┊  subst: ...
┃  └─ 2 (leaf, target, terminal)
┃      #EndProgram ~> .K
┃
┣━━┓
┃  │
┃  ├─ 5
┃  │   #selectBlock ( switchTargets ( ... branches: .Branches , otherwise: basicBlockId
┃  │   function: main
┃  │
┃  │  (6 steps)
┃  └─ 8 (stuck, leaf)
┃      #setUpCalleeData ( monoItemFn ( ... name: symbol ( "_ZN4core9panicking5panic17h<hash>
┃      span: 32
┃
┗━━┓
   │
   └─ 6 (stuck, leaf)
       #selectBlock ( switchTargets ( ... branches: branch ( 42 , basicBlockIdx ( 1 ) )
       function: main



