
┌─ 1 (root, init)
│   #execTerminator ( terminator ( ... kind: terminatorKindCall ( ... func: operandC
│   span: 0
│
│  (14 steps)
├─ 3
│   #decodeConstant ( constantKindAllocated ( allocation ( ... bytes: b"\x00\x00\x00
│   function: main
│   span: 57
│
│  (1 step)
└─ 4 (leaf, terminal)
    thunk ( #decodeConstant ( constantKindAllocated ( allocation ( ... bytes: b"\x00
    function: main
    span: 57


┌─ 2 (root, leaf, target, terminal)
│   #EndProgram ~> .K


